[backblue.gif]
[fade.gif]
[index.html]
[teacherweb.com/CA/AlhambraHighSChool/Padilla/__web.css]
[teacherweb.com/images/twlogo2.gif]
[teacherweb.com/dividers/divStyleBlue.gif]
[teacherweb.com/layout/graphics/mytw_logo_cstpgs_wht.gif]
[teacherweb.com/CA/AlhambraHighSChool/Padilla/h5.html]
[teacherweb.com/backgrounds/StyleBeige.jpg]
[teacherweb.com/CA/AlhambraHighSChool/Padilla/__web.css]
[img.en25.com/i/elqCfg.min.js]
[teacherweb.com/assets/js/googleanalytics.js]
[images02.teacherweb.com/Content/js/jquery.min.js]
[teacherweb.com/images/animailbox1.gif]
[teacherweb.com/images/schoolhouseSM.gif]
[teacherweb.com/images/TeachingLatinGreek.jpg]
[teacherweb.com/images/Schedule.gif]
[teacherweb.com/images/PR-SupplyList.gif]
[teacherweb.com/images/aniBookPageFlip.gif]
[teacherweb.com/images/Debate.jpg]
[teacherweb.com/images/Documents3.gif]
[teacherweb.com/images/homework.gif]
[teacherweb.com/images/Assignment.gif]
[teacherweb.com/images/links.gif]
[teacherweb.com/images/Documents2.gif]
[teacherweb.com/images/Documents.gif]
[teacherweb.com/images/Photos.gif]
[teacherweb.com/images/RaisingFlagOnIwoJima.gif]
[teacherweb.com/images/BookComputer.jpg]
[teacherweb.com/images/announce.gif]
[teacherweb.com/images/WorkingTogether.gif]
[teacherweb.com/images/rss.gif]
[teacherweb.com/CA/AlhambraHighSChool/Padilla/index.html]
[teacherweb.com/CA/AlhambraHighSChool/Padilla/t.html]
[teacherweb.com/CA/AlhambraHighSChool/Padilla/table0.html]
[teacherweb.com/CA/AlhambraHighSChool/Padilla/list0.html]
[teacherweb.com/CA/AlhambraHighSChool/Padilla/apt1.html]
[teacherweb.com/CA/AlhambraHighSChool/Padilla/JUNIORADVANCEDPLACEMENTENGLISH---2017.docx]
[teacherweb.com/CA/AlhambraHighSChool/Padilla/Sophies-chart.pdf]
[teacherweb.com/CA/AlhambraHighSChool/Padilla/Sophie-chart-example-1.docx]
[teacherweb.com/CA/AlhambraHighSChool/Padilla/AP-Reading-List---Winter-Break.doc]
[teacherweb.com/CA/AlhambraHighSChool/Padilla/AP-Create-your-own-synthesis-prompt.docx]
[teacherweb.com/CA/AlhambraHighSChool/Padilla/-precis-description-and-examples1.doc]
[teacherweb.com/CA/AlhambraHighSChool/Padilla/AP-SYLLABUS.doc]
[teacherweb.com/CA/AlhambraHighSChool/Padilla/APEnglishISMProjects.doc]
[teacherweb.com/CA/AlhambraHighSChool/Padilla/APTheme20and20Mediaanalysis1.doc]
[teacherweb.com/CA/AlhambraHighSChool/Padilla/AP-Writing-Suggestions.docx]
[teacherweb.com/CA/AlhambraHighSChool/Padilla/._ROMANTICISM.doc]
[teacherweb.com/CA/AlhambraHighSChool/Padilla/BibleStories-Allusion.doc]
[teacherweb.com/CA/AlhambraHighSChool/Padilla/rhetorical_terms.doc]
[teacherweb.com/CA/AlhambraHighSChool/Padilla/ap08_eng_lang_frq.pdf]
[teacherweb.com/CA/AlhambraHighSChool/Padilla/Bookcard-for-Winter-Read.pdf]
[teacherweb.com/CA/AlhambraHighSChool/Padilla/TermsinaToulminArgument_1.doc]
[teacherweb.com/CA/AlhambraHighSChool/Padilla/LincolnResponsesample_english_lang_q_17459.pdf]
[teacherweb.com/CA/AlhambraHighSChool/Padilla/Toulmin-Logic.doc]
[teacherweb.com/CA/AlhambraHighSChool/Padilla/LogicalFallacies.doc]
[teacherweb.com/CA/AlhambraHighSChool/Padilla/Sophies-World.doc]
[teacherweb.com/CA/AlhambraHighSChool/Padilla/MLAformatforallpapers.doc]
[teacherweb.com/CA/AlhambraHighSChool/Padilla/ChartCalvinampCatholics.doc]
[teacherweb.com/CA/AlhambraHighSChool/Padilla/RhetoricalSituation-1.doc]
[teacherweb.com/CA/AlhambraHighSChool/Padilla/Isms-OverviewofLiteraryTimeEras.doc]
[teacherweb.com/CA/AlhambraHighSChool/Padilla/28.CommonPlaceBooks.pdf]
[teacherweb.com/CA/AlhambraHighSChool/Padilla/_AgeofReason_.doc]
[teacherweb.com/CA/AlhambraHighSChool/Padilla/33.THEPROOFS.pdf]
[teacherweb.com/CA/AlhambraHighSChool/Padilla/5.Style-PLAINANDORNATE.pdf]
[teacherweb.com/CA/AlhambraHighSChool/Padilla/ProfessorNotes.doc]
[teacherweb.com/CA/AlhambraHighSChool/Padilla/Germanic-to-Latinate-AD-Assignment.doc]
[teacherweb.com/CA/AlhambraHighSChool/Padilla/LessonPlanSample.doc]
[teacherweb.com/CA/AlhambraHighSChool/Padilla/3.SYNTAXoverheads1.pdf]
[teacherweb.com/CA/AlhambraHighSChool/Padilla/how-to-annotate1.doc]
[teacherweb.com/CA/AlhambraHighSChool/Padilla/Rise-of-Realism.pdf]
[teacherweb.com/CA/AlhambraHighSChool/Padilla/douglass-3-pdf-february-8-2011-4-32-pm-1-1-meg.pdf]
[teacherweb.com/CA/AlhambraHighSChool/Padilla/ArticleabtTeacherBlog.doc]
[teacherweb.com/CA/AlhambraHighSChool/Padilla/Application-for-AP-Language-Ambassador-Program.rtf]
[teacherweb.com/CA/AlhambraHighSChool/Padilla/douglass-2-pdf-february-8-2011-4-32-pm-1-5-meg.pdf]
[teacherweb.com/CA/AlhambraHighSChool/Padilla/APEnglishLangComp_Ch4.pdf]
[teacherweb.com/CA/AlhambraHighSChool/Padilla/In-Platos-Cave.doc]
[teacherweb.com/CA/AlhambraHighSChool/Padilla/On-Being-a-Cripple-text.doc]
[teacherweb.com/CA/AlhambraHighSChool/Padilla/AP-Sample-Examination-1.doc]
[teacherweb.com/CA/AlhambraHighSChool/Padilla/douglass-1-pdf-february-8-2011-4-32-pm-1-7-meg.pdf]
[teacherweb.com/CA/AlhambraHighSChool/Padilla/I-have-a-Dream-Questions.doc]
[teacherweb.com/CA/AlhambraHighSChool/Padilla/ThesisProgressionHOWSOSOWHAT.doc]
[teacherweb.com/CA/AlhambraHighSChool/Padilla/Dec.ofIndepLesson-8.doc]
[teacherweb.com/CA/AlhambraHighSChool/Padilla/Practice-I-MC-Test-Answers.jpg]
[teacherweb.com/CA/AlhambraHighSChool/Padilla/State-of-the-Union-Format--2013.doc]
[teacherweb.com/CA/AlhambraHighSChool/Padilla/A-Pair-of-Silk-Stockings.doc]
[teacherweb.com/CA/AlhambraHighSChool/Padilla/douglass-4-pdf-february-8-2011-4-32-pm-1-1-meg.pdf]
[teacherweb.com/CA/AlhambraHighSChool/Padilla/Commentary-on-2012-Synthesis-by-The-College-Board.doc]
[teacherweb.com/CA/AlhambraHighSChool/Padilla/Biographers-and-History-WritersMC-Answers.docx]
[teacherweb.com/CA/AlhambraHighSChool/Padilla/YELLOW1.DOC]
[teacherweb.com/CA/AlhambraHighSChool/Padilla/analyzing-argument_027.pdf]
[teacherweb.com/CA/AlhambraHighSChool/Padilla/Sontag_InPlatosCave_lores-1.pdf]
[teacherweb.com/CA/AlhambraHighSChool/Padilla/Rhetorical-Analysis-Jodi-Rice.docx]
[teacherweb.com/CA/AlhambraHighSChool/Padilla/Organization-Modality-Project.doc]
[teacherweb.com/CA/AlhambraHighSChool/Padilla/Rhetorical-Analysis-Sample---Jolliffee-Ch.4.pdf]
[teacherweb.com/CA/AlhambraHighSChool/Padilla/Writing-With-Precision-Sentence-Level---Rowlandson.pdf]
[teacherweb.com/CA/AlhambraHighSChool/Padilla/ACTION-PLAN.docx]
[teacherweb.com/CA/AlhambraHighSChool/Padilla/The-Crucible-Character-Analysis-Essay.docx]
[teacherweb.com/CA/AlhambraHighSChool/Padilla/N.Scott-Momaday-22Shadow-Catcher22.pdf]
[teacherweb.com/CA/AlhambraHighSChool/Padilla/Kant-Jefferson-Assignment.pdf]
[teacherweb.com/CA/AlhambraHighSChool/Padilla/2010-Question-3---22Status-Anxiety22.pdf]
[teacherweb.com/CA/AlhambraHighSChool/Padilla/22Be-a-Man22-handout.pdf]
[teacherweb.com/CA/AlhambraHighSChool/Padilla/analyzing-argument_001.pdf]
[teacherweb.com/CA/AlhambraHighSChool/Padilla/0059_001.pdf]
[teacherweb.com/CA/AlhambraHighSChool/Padilla/Ten-Patterns-of-Paragraph-Development-with-visual-guides-University-of-Illinois.pdf]
[teacherweb.com/CA/AlhambraHighSChool/Padilla/0085_001.pdf]
[teacherweb.com/CA/AlhambraHighSChool/Padilla/AP-Argument---Using-Sources.pdf]
[teacherweb.com/CA/AlhambraHighSChool/Padilla/Fall2016IACloseReadingTemplate-SE.docx]
[teacherweb.com/CA/AlhambraHighSChool/Padilla/Rhetorical-Box.pdf]
[teacherweb.com/CA/AlhambraHighSChool/Padilla/English---Models-of-Argument-Handout.docx]
[teacherweb.com/CA/AlhambraHighSChool/Padilla/English---Models-of-Argument-Handout.pdf]
[teacherweb.com/CA/AlhambraHighSChool/Padilla/The-Whistle--Benjamin-Franklin.docx]
[teacherweb.com/CA/AlhambraHighSChool/Padilla/2014-Synthesis-Prompt.pdf]
[teacherweb.com/CA/AlhambraHighSChool/Padilla/Basic-Organization-of-Ism-binder.docx]
[teacherweb.com/CA/AlhambraHighSChool/Padilla/Rip-Analysis-1.pdf]
[teacherweb.com/CA/AlhambraHighSChool/Padilla/Synthesis-Prompt-Group-Creation-Assignment.docx]
[teacherweb.com/CA/AlhambraHighSChool/Padilla/ap11_frq_english_languageLocavore.pdf]
[teacherweb.com/CA/AlhambraHighSChool/Padilla/photo4.html]
[teacherweb.com/CA/AlhambraHighSChool/Padilla/h1.html]
[teacherweb.com/CA/AlhambraHighSChool/Padilla/Modern-Approaches-to-Argument.pdf]
[teacherweb.com/CA/AlhambraHighSChool/Padilla/h3.html]
[teacherweb.com/CA/AlhambraHighSChool/Padilla/h2.html]
[teacherweb.com/CA/AlhambraHighSChool/Padilla/h4.html]
[www.google.com/logos/Logo_25wht.gif]
[teacherweb.com/CA/AlhambraHighSChool/Padilla/links3.html]
[teacherweb.com/images/BT-DkRedHandouts.gif]
[teacherweb.com/CA/AlhambraHighSChool/Padilla/NoteCardsOutline-2.pdf]
[teacherweb.com/CA/AlhambraHighSChool/Padilla/RecreationalReadingShortForm.rtf]
[teacherweb.com/CA/AlhambraHighSChool/Padilla/Quote_Integration1.doc]
[teacherweb.com/CA/AlhambraHighSChool/Padilla/Drama-Terminology.doc]
[teacherweb.com/CA/AlhambraHighSChool/Padilla/Poetic-Devices-2.doc.dot]
[teacherweb.com/CA/AlhambraHighSChool/Padilla/Freshmen-Semester-I-Study-Guide-2014.doc]
[teacherweb.com/CA/AlhambraHighSChool/Padilla/165_NONFICTION-ASSIGNMENT-SHEET-1.doc]
[teacherweb.com/CA/AlhambraHighSChool/Padilla/_A-Narrow-Fellow-in-the-Grass_by-Emily-Dickinson.doc]
[teacherweb.com/CA/AlhambraHighSChool/Padilla/photo3.html]
[teacherweb.com/CA/AlhambraHighSChool/Padilla/links1.html]
[teacherweb.com/CA/AlhambraHighSChool/Padilla/Essay-Outline-Sample.doc]
[teacherweb.com/CA/AlhambraHighSChool/Padilla/Developing-Your-Claim.docx]
[teacherweb.com/CA/AlhambraHighSChool/Padilla/Of-Mice-and-Men-STUDY-GUIDE-QUESTIONS.doc]
[teacherweb.com/CA/AlhambraHighSChool/Padilla/Rhetoric-and-Analysis---Ch.4-Jolliffe.pdf]
[teacherweb.com/CA/AlhambraHighSChool/Padilla/JUNIORADVANCEDPLACEMENTENGLISH.doc]
[teacherweb.com/CA/AlhambraHighSChool/Padilla/Welty---Death-Traveling-Salesman.pdf]
[teacherweb.com/CA/AlhambraHighSChool/Padilla/MULTIPLE.doc]
[teacherweb.com/CA/AlhambraHighSChool/Padilla/SynopsisofLitStories.doc]
[teacherweb.com/CA/AlhambraHighSChool/Padilla/MULTIPLE-CHOICE-REASONS-FOR-WRONG-ANSWERS1.doc]
[teacherweb.com/CA/AlhambraHighSChool/Padilla/-Death-of--SalesmanStudyGuide.rtf]
[teacherweb.com/CA/AlhambraHighSChool/Padilla/-Death-of--SalesmanStudyGuide.doc]
[teacherweb.com/CA/AlhambraHighSChool/Padilla/Gatsby-Study-Guide-Questions.doc]
[teacherweb.com/CA/AlhambraHighSChool/Padilla/StudyGuideSophomores.doc]
[teacherweb.com/CA/AlhambraHighSChool/Padilla/StudyGuideSeniors.doc]
[teacherweb.com/CA/AlhambraHighSChool/Padilla/fromTheAutobiography.doc]
[teacherweb.com/CA/AlhambraHighSChool/Padilla/SHORTANSWERSTUDYGUIDEQUESTIONS.doc]
[teacherweb.com/CA/AlhambraHighSChool/Padilla/Aristotlestragichero.doc]
[teacherweb.com/CA/AlhambraHighSChool/Padilla/RomanticismandTranscendentalism.doc]
[teacherweb.com/CA/AlhambraHighSChool/Padilla/TheCritique.doc]
[teacherweb.com/CA/AlhambraHighSChool/Padilla/BragSheet.doc]
[teacherweb.com/CA/AlhambraHighSChool/Padilla/APStudyQuestionsforTheCrucible.doc]
[teacherweb.com/CA/AlhambraHighSChool/Padilla/CrucibleStudyQuestions.doc]
[teacherweb.com/CA/AlhambraHighSChool/Padilla/SHORTSTORYUNITFORWEBSITE.doc]
[teacherweb.com/CA/AlhambraHighSChool/Padilla/APRomanticismProjectPortfolioOrder.docx]
[teacherweb.com/CA/AlhambraHighSChool/Padilla/StudyguideHUCKFINN.doc]
[teacherweb.com/CA/AlhambraHighSChool/Padilla/StudyGuideFreshmen.doc]
[teacherweb.com/CA/AlhambraHighSChool/Padilla/StudyGuideSemesterIFinal.doc]
[teacherweb.com/CA/AlhambraHighSChool/Padilla/Samplehuck20finn20nature20theme20project20outline1.doc]
[teacherweb.com/CA/AlhambraHighSChool/Padilla/Some-General-Notes-on-Framing-the-Constitution.doc]
[teacherweb.com/CA/AlhambraHighSChool/Padilla/Outline-Format.doc]
[teacherweb.com/CA/AlhambraHighSChool/Padilla/Chapter17LectureNotes.doc]
[teacherweb.com/CA/AlhambraHighSChool/Padilla/Participation-Rubric.doc]
[teacherweb.com/CA/AlhambraHighSChool/Padilla/The-Crucible-Study-GuideActs-two---four.doc]
[teacherweb.com/CA/AlhambraHighSChool/Padilla/outline.pdf]
[teacherweb.com/CA/AlhambraHighSChool/Padilla/RecreationalReadingShortForm-1.doc]
[teacherweb.com/CA/AlhambraHighSChool/Padilla/Character_Traits-for-Story_and_Textual_Evidence1.doc]
[teacherweb.com/CA/AlhambraHighSChool/Padilla/How-to-Lead-a-Sophies-World-Discussion.doc]
[teacherweb.com/CA/AlhambraHighSChool/Padilla/Occupy-LA.doc]
[teacherweb.com/CA/AlhambraHighSChool/Padilla/American-Dream-Essay.doc]
[teacherweb.com/CA/AlhambraHighSChool/Padilla/Info-for-Letter-of-Recommendation.docx]
[teacherweb.com/CA/AlhambraHighSChool/Padilla/StudyGuideSemesterIFinal2012.doc]
[teacherweb.com/CA/AlhambraHighSChool/Padilla/The-Crucible-as-a-Warning.pdf]
[teacherweb.com/CA/AlhambraHighSChool/Padilla/Momaday-and-Brown-landscapes-1986.pdf]
[teacherweb.com/CA/AlhambraHighSChool/Padilla/PSAT-FORM-1.pdf]
[teacherweb.com/CA/AlhambraHighSChool/Padilla/The-Way-to-Rainy-Mountain.pdf]
[teacherweb.com/CA/AlhambraHighSChool/Padilla/How-to-get-to-Outline-format-from-on-Word.png]
[teacherweb.com/CA/AlhambraHighSChool/Padilla/Ted-Talk-Answer-Sheet.pdf]
[teacherweb.com/CA/AlhambraHighSChool/Padilla/social-justice-poster-contest.PDF]
[teacherweb.com/CA/AlhambraHighSChool/Padilla/photo1.html]
[teacherweb.com/CA/AlhambraHighSChool/Padilla/DSCN0094_025.JPG]
[teacherweb.com/CA/AlhambraHighSChool/Padilla/DSCN0088_019.JPG]
[teacherweb.com/CA/AlhambraHighSChool/Padilla/DSCN0085_016.JPG]
[teacherweb.com/CA/AlhambraHighSChool/Padilla/DSCN0097_028.JPG]
[teacherweb.com/CA/AlhambraHighSChool/Padilla/DSCN0096_027.JPG]
[teacherweb.com/CA/AlhambraHighSChool/Padilla/DSCN0098_029.JPG]
[teacherweb.com/CA/AlhambraHighSChool/Padilla/photo2.html]
[teacherweb.com/CA/AlhambraHighSChool/Padilla/apt2.html]
[teacherweb.com/CA/AlhambraHighSChool/Padilla/apt3.html]
[teacherweb.com/CA/AlhambraHighSChool/Padilla/h0.html]
[teacherweb.com/CA/AlhambraHighSChool/Padilla/apt4.html]
[teacherweb.com/CA/AlhambraHighSChool/Padilla/Email.html]
[teacherweb.com/ads/tetbnr.gif]
[teacherweb.com/CA/AlhambraHighSChool/Padilla/uh5.html]
[teacherweb.com/CA/AlhambraHighSChool/Padilla/h52888.html]
[teacherweb.com/CA/AlhambraHighSChool/Padilla/loginb6ea.html]
[img.en25.com/i/elqCfg.min.js]
[images02.teacherweb.com/Content/js/jquery.min.js]
[images02.teacherweb.com/Content/js/jquery-ui.min.js]
[images02.teacherweb.com/Content/js/teacherweb.js]
[us.i1.yimg.com/us.yimg.com/i/us/my/addtomyyahoo4.gif]
[buttons.googlesyndication.com/fusion/add.gif]
[teacherweb.com/CA/AlhambraHighSChool/Padilla/feed.xml]
[teacherweb.com/images/xml.gif]
[teacherweb.com/CA/AlhambraHighSChool/Padilla/Syndication.html]
[images02.teacherweb.com/Skins/css/TWClassic/upages1276.css]
[teacherweb.com/CA/AlhambraHighSChool/Padilla/DSCN0087_018.JPG]
[teacherweb.com/CA/AlhambraHighSChool/Padilla/ut.html]
[teacherweb.com/CA/AlhambraHighSChool/Padilla/t2888.html]
[images02.teacherweb.com/Skins/css/tablec4bf.css]
[teacherweb.com/CA/AlhambraHighSChool/Padilla/utable0.html]
[teacherweb.com/CA/AlhambraHighSChool/Padilla/DSCN0092_023.JPG]
[teacherweb.com/CA/AlhambraHighSChool/Padilla/table02888.html]
[teacherweb.com/Content/js/jquery.tablednd.js]
[teacherweb.com/CA/AlhambraHighSChool/Padilla/ulist0.html]
[teacherweb.com/CA/AlhambraHighSChool/Padilla/list02888.html]
[teacherweb.com/CA/AlhambraHighSChool/Padilla/uapt1.html]
[teacherweb.com/CA/AlhambraHighSChool/Padilla/apt12888.html]
[teacherweb.com/CA/AlhambraHighSChool/Padilla/Logincf7a.html]
[teacherweb.com/CA/AlhambraHighSChool/Padilla/photo42888.html]
[teacherweb.com/CA/AlhambraHighSChool/Padilla/uh1.html]
[teacherweb.com/CA/AlhambraHighSChool/Padilla/h12888.html]
[teacherweb.com/CA/AlhambraHighSChool/Padilla/uh3.html]
[teacherweb.com/CA/AlhambraHighSChool/Padilla/h32888.html]
[teacherweb.com/CA/AlhambraHighSChool/Padilla/uh2.html]
[teacherweb.com/CA/AlhambraHighSChool/Padilla/h22888.html]
[teacherweb.com/CA/AlhambraHighSChool/Padilla/uh4.html]
[teacherweb.com/CA/AlhambraHighSChool/Padilla/h42888.html]
[teacherweb.com/CA/AlhambraHighSChool/Padilla/ulinks3.html]
[teacherweb.com/CA/AlhambraHighSChool/Padilla/links32888.html]
[teacherweb.com/CA/AlhambraHighSChool/Padilla/Login0b07.html]
[teacherweb.com/CA/AlhambraHighSChool/Padilla/photo32888.html]
[teacherweb.com/CA/AlhambraHighSChool/Padilla/ulinks1.html]
[teacherweb.com/CA/AlhambraHighSChool/Padilla/links12888.html]
[teacherweb.com/CA/AlhambraHighSChool/Padilla/Login8ce5.html]
[teacherweb.com/CA/AlhambraHighSChool/Padilla/photo12888.html]
[images02.teacherweb.com/backend/content/css/billingb7fa.css]
[images02.teacherweb.com/backend/content/js/jquery-1.3.2.minb7fa.js]
[teacherweb.com/CA/AlhambraHighSChool/Padilla/Login43c6.html]
[teacherweb.com/CA/AlhambraHighSChool/Padilla/photo22888.html]
[teacherweb.com/CA/AlhambraHighSChool/Padilla/uapt2.html]
[teacherweb.com/CA/AlhambraHighSChool/Padilla/apt22888.html]
[teacherweb.com/CA/AlhambraHighSChool/Padilla/uapt3.html]
[teacherweb.com/CA/AlhambraHighSChool/Padilla/apt32888.html]
[teacherweb.com/CA/AlhambraHighSChool/Padilla/uh0.html]
[teacherweb.com/CA/AlhambraHighSChool/Padilla/h02888.html]
[teacherweb.com/CA/AlhambraHighSChool/Padilla/uapt4.html]
[teacherweb.com/CA/AlhambraHighSChool/Padilla/apt42888.html]
[images02.teacherweb.com/Content/images/outr_ctnr_top_lft.png]
[images02.teacherweb.com/Content/images/outr_ctnr_top_rt.png]
[images02.teacherweb.com/Content/images/outr_ctnr_btm_lft.png]
[images02.teacherweb.com/Content/images/outr_ctnr_btm_rt.png]
[images02.teacherweb.com/Content/images/outr_ctnr_rpt.gif]
[images02.teacherweb.com/Content/images/outerBGmid700.png]
[images02.teacherweb.com/Content/images/innr_ctnr_top_lft.png]
[images02.teacherweb.com/Content/images/innr_ctnr_top_rt.png]
[images02.teacherweb.com/Content/images/innr_ctnr_top_rpt.gif]
[images02.teacherweb.com/Content/images/innr_ctnr_btm_lft.png]
[images02.teacherweb.com/Content/images/innr_ctnr_btm_rt.png]
[images02.teacherweb.com/Content/images/innr_ctnr_btm_rpt.gif]
[images02.teacherweb.com/Content/images/body-bg.gif]
[images02.teacherweb.com/Content/images/bottom-l-corner.png]
[images02.teacherweb.com/Content/images/bottom-r-corner.png]
[images02.teacherweb.com/Content/images/top-l-corner.png]
[images02.teacherweb.com/Content/images/top-r-corner.png]
[images02.teacherweb.com/Content/images/menu-grey.png]
[images02.teacherweb.com/Assets/images/buttons/delete_icon_sm.png]
[images02.teacherweb.com/Skins/css/TWClassic/upagesc4bf.css]
[teacherweb.com/CA/AlhambraHighSChool/Padilla/index-2.html]
[teacherweb.com/CA/AlhambraHighSChool/Padilla/login9f38.html]
[teacherweb.com/CA/AlhambraHighSChool/Padilla/login93ab.html]
[images02.teacherweb.com/Assets/css/print_base405b.css]
[images02.teacherweb.com/Backend/Content/images/pymnt_bgd_rpt.jpg]
[images02.teacherweb.com/Backend/Content/images/top_logo_lft.gif]
[images02.teacherweb.com/Backend/Content/images/top_rpt.gif]
[images02.teacherweb.com/Backend/Content/images/top_rt.gif]
[images02.teacherweb.com/Backend/Content/images/bgd_lft.gif]
[images02.teacherweb.com/Backend/Content/images/bgd_rt.gif]
[images02.teacherweb.com/Backend/Content/images/top_nav_lft.gif]
[images02.teacherweb.com/Backend/Content/images/top_nav_rt.gif]
[images02.teacherweb.com/Backend/Content/images/top_nav_rpt.gif]
[images02.teacherweb.com/Backend/Content/images/top_nav_tab_lft.gif]
[images02.teacherweb.com/Backend/Content/images/top_nav_tab_rt.gif]
[images02.teacherweb.com/Backend/Content/images/ftr_rpt.gif]
[images02.teacherweb.com/Backend/Content/images/ftr_lft.gif]
[images02.teacherweb.com/Backend/Content/images/ftr_rt.gif]
[images02.teacherweb.com/backend/content/images/login/login_win_rpt.gif]
[images02.teacherweb.com/backend/content/images/login/login_win.jpg]
[images02.teacherweb.com/backend/content/images/admin_login_btn.gif]
[images02.teacherweb.com/backend/content/images/login/goto_pymt_btn.gif]
[images02.teacherweb.com/backend/content/images/login/send_pword_button.gif]
[images02.teacherweb.com/backend/content/images/login/cancel_button.gif]
[images02.teacherweb.com/backend/content/images/login/payments_page_login_10.gif]
[images02.teacherweb.com/backend/content/images/auth_btn2.gif]
[images02.teacherweb.com/backend/content/images/authenticate_btn.gif]
[images02.teacherweb.com/backend/content/images/update_pass_btn2.gif]
[images02.teacherweb.com/backend/content/images/view_pass_btn2.gif]
[images02.teacherweb.com/backend/content/images/hide_pass_btn2.gif]
[images02.teacherweb.com/Content/images/goto_updt_button.gif]
[images02.teacherweb.com/Backend/Content/images/ttl_txt_cred.gif]
[images02.teacherweb.com/Backend/Content/images/ttl_txt_blg.jpg]
[images02.teacherweb.com/Backend/Content/images/ttl_txt_chk.gif]
[images02.teacherweb.com/Backend/Content/images/ttl_txt_sts.gif]
[images02.teacherweb.com/Backend/Content/images/ttl_txt_mngacpw.gif]
[images02.teacherweb.com/Backend/Content/images/ttl_txt_mng_acct_nfo.png]
[images02.teacherweb.com/Backend/Content/images/ttl_txt_mng4.gif]
[images02.teacherweb.com/Backend/Content/images/ttl_txt_mystsmsgs.png]
[images02.teacherweb.com/Backend/Content/images/ttl_txt_mng_site_dvdr.png]
[images02.teacherweb.com/Backend/Content/images/ttl_txt_updt_indx.png]
[images02.teacherweb.com/Backend/Content/images/ttl_txt_site_usage.png]
[images02.teacherweb.com/Backend/Content/images/ttl_txt_mng_site_eml_link.gif]
[images02.teacherweb.com/Backend/Content/images/ttl_txt_mng_site_outs_link.gif]
[images02.teacherweb.com/Backend/Content/images/ttl_txt_mng_site_bgd.png]
[images02.teacherweb.com/Backend/Content/images/ttl_txt_cust_my_web.png]
[images02.teacherweb.com/Backend/Content/images/ttl_txt_cust_font.png]
[images02.teacherweb.com/Backend/Content/images/ttl_txt_acccd.gif]
[images02.teacherweb.com/Backend/Content/images/ttl_txt_gc.gif]
[images02.teacherweb.com/Backend/Content/images/sbmt_pmnt_btn.gif]
[images02.teacherweb.com/Backend/Content/images/submit_btn.gif]
[images02.teacherweb.com/Backend/Content/images/prnt_htm_btn.gif]
[images02.teacherweb.com/Backend/Content/images/view_prnt_btn.gif]
[images02.teacherweb.com/Backend/Content/images/updt_pymnt_info_btn.gif]
[images02.teacherweb.com/Backend/Content/images/pymt_sts_btn_m.gif]
[images02.teacherweb.com/Backend/Content/images/status_btn2.gif]
[images02.teacherweb.com/Backend/Content/images/acct_nfo_btn_t.gif]
[images02.teacherweb.com/Backend/Content/images/sdnv_pwmng_btn.gif]
[images02.teacherweb.com/Backend/Content/images/bgd_m_btn.gif]
[images02.teacherweb.com/Backend/Content/images/dvdln_m_btn.gif]
[images02.teacherweb.com/Backend/Content/images/emal_link_mid_btn.gif]
[images02.teacherweb.com/Backend/Content/images/schl_link_mid_btn.gif]
[images02.teacherweb.com/Backend/Content/images/orgnztn_link_mid_btn.gif]
[images02.teacherweb.com/Backend/Content/images/cust_fonts_mid_btn.gif]
[images02.teacherweb.com/Backend/Content/images/cust_web_btn_b.gif]
[images02.teacherweb.com/Backend/Content/images/look_feel_btn_t.gif]
[images02.teacherweb.com/Backend/Content/images/lookandfeel_btn1.gif]
[images02.teacherweb.com/Backend/Content/images/inbox_btn_pil.gif]
[images02.teacherweb.com/Backend/Content/images/sdnv_handout_btn.gif]
[images02.teacherweb.com/Backend/Content/images/sdnv_pymt_btn.gif]
[images02.teacherweb.com/Backend/Content/images/sdnv_pymt_btn_inactive.gif]
[images02.teacherweb.com/Backend/Content/images/billing_btn2.gif]
[images02.teacherweb.com/Backend/Content/images/creditcard_btn2.gif]
[images02.teacherweb.com/Backend/Content/images/check_btn2.gif]
[images02.teacherweb.com/Backend/Content/images/pymt_cc_btn.gif]
[images02.teacherweb.com/Backend/Content/images/pymt_accd_btn.gif]
[images02.teacherweb.com/Backend/Content/images/pymt_chk_btn.gif]
[images02.teacherweb.com/Backend/Content/images/pymt_gc_btn.gif]
[images02.teacherweb.com/Backend/Content/images/updt_indx_pil_btn.gif]
[images02.teacherweb.com/Backend/Content/images/site_usage_m_btn.gif]
[images02.teacherweb.com/Backend/Content/images/input_xlg.gif]
[images02.teacherweb.com/Backend/Content/images/input_lg.gif]
[images02.teacherweb.com/Backend/Content/images/input_sm.gif]
[images02.teacherweb.com/Backend/Content/images/pymnt_sts_tbl_rpt.gif]
[images02.teacherweb.com/backend/content/images/questionMark.gif]
[images02.teacherweb.com/tweb/assets/images/giftCertificate/questionMark.gif]
[images02.teacherweb.com/backend/content/images/updt_acct_nfo_btn.gif]
[images02.teacherweb.com/backend/content/images/dlt_my_act_btn.gif]
[images02.teacherweb.com/backend/content/images/continue_btn.gif]
[images02.teacherweb.com/backend/content/images/prcd_btn.gif]
[images02.teacherweb.com/backend/content/images/cncl_btn.gif]
[images02.teacherweb.com/backend/content/images/sbmt_btn.gif]
[images02.teacherweb.com/backend/content/images/upd_cst_web_set_btn.gif]
[images02.teacherweb.com/backend/content/images/updt_cust_font_sett_btn.gif]
[images02.teacherweb.com/Backend/Content/images/embossed_btn.gif]
[images02.teacherweb.com/backend/content/images/updt_bgd_btn.gif]
[images02.teacherweb.com/backend/content/images/updt_dvdln_btn.gif]
[images02.teacherweb.com/backend/content/images/upd_schl_link_btn.gif]
[images02.teacherweb.com/backend/content/images/upd_orgnzn_link_btn.gif]
[images02.teacherweb.com/backend/content/images/upd_emal_link_btn.gif]
[images02.teacherweb.com/Backend/Content/images/textPic/subttl_txt_prev.gif]
[images02.teacherweb.com/Backend/Content/images/textPic/subttl_txt_wtyp.gif]
[images02.teacherweb.com/Backend/Content/images/textPic/subttl_txt_dsnstl.gif]
[images02.teacherweb.com/Backend/Content/images/textPic/subttl_txt_clrth.gif]
[images02.teacherweb.com/backend/content/images/updtlf_btn3.gif]
[images02.teacherweb.com/Assets/images/buttons/delete_icon.png]
[images02.teacherweb.com/Assets/images/buttons/move_btn.png]
[images02.teacherweb.com/Assets/images/buttons/edit_pgstng_btn.png]
[images02.teacherweb.com/backend/content/css/billing283b.css]
[images02.teacherweb.com/backend/content/js/jquery-1.3.2.min283b.js]
[teacherweb.com/CA/AlhambraHighSChool/Padilla/index-3.html]
[images02.teacherweb.com/Skins/css/TWClassic/upages1276.css]
[images02.teacherweb.com/Assets/css/print_base7e67.css]
[images02.teacherweb.com/Skins/css/table1276.css]
[images02.teacherweb.com/backend/content/css/billingb7fa.css]
[images02.teacherweb.com/backend/content/js/jquery-1.3.2.minb7fa.js]
